// Jest Snapshot v1, https://goo.gl/fbAQLP

exports[`ForemanPuppetRoutes should create routes 1`] = `Object {}`;
